// Jest Snapshot v1, https://goo.gl/fbAQLP

exports[`probando el componente <GifExpertApp/> debe probar el onAddCategory  1`] = `
<div>
  <h1>
    GifExpertApp
  </h1>
  <form
    aria-label="form"
  >
    <input
      placeholder="Buscar Gifs"
      type="text"
      value=""
    />
  </form>
</div>
`;

exports[`probando el componente <GifExpertApp/> debe probar el onAddCategory debe retornar arreglo de categorias  1`] = `
<div>
  <h1>
    GifExpertApp
  </h1>
  <form
    aria-label="form"
  >
    <input
      placeholder="Buscar Gifs"
      type="text"
      value=""
    />
  </form>
</div>
`;
